\BOOKMARK [1][-]{section.1}{\376\377\000E\000l\000e\000c\000t\000r\000o\000n\000\040\000E\000n\000e\000r\000g\000y}{}% 1
\BOOKMARK [2][-]{subsection.1.1}{\376\377\000E\000x\000e\000r\000c\000i\000s\000e\000\040\0001\0001}{section.1}% 2
\BOOKMARK [2][-]{subsection.1.2}{\376\377\000E\000x\000e\000r\000c\000i\000s\000e\000\040\0001\0002}{section.1}% 3
\BOOKMARK [2][-]{subsection.1.3}{\376\377\000E\000x\000e\000r\000c\000i\000s\000e\000\040\0001\0003}{section.1}% 4
\BOOKMARK [2][-]{subsection.1.4}{\376\377\000E\000x\000e\000r\000c\000i\000s\000e\000\040\0001\0004}{section.1}% 5
\BOOKMARK [1][-]{section.2}{\376\377\000M\000a\000g\000n\000e\000t\000i\000c\000\040\000F\000i\000e\000l\000d\000\040\000S\000t\000r\000e\000n\000g\000t\000h}{}% 6
\BOOKMARK [2][-]{subsection.2.1}{\376\377\000E\000x\000e\000r\000c\000i\000s\000e\000\040\0001\0005}{section.2}% 7
\BOOKMARK [2][-]{subsection.2.2}{\376\377\000E\000x\000e\000r\000c\000i\000s\000e\000\040\0001\0006}{section.2}% 8
\BOOKMARK [1][-]{section.3}{\376\377\000C\000i\000r\000c\000u\000l\000a\000r\000\040\000M\000o\000t\000i\000o\000n}{}% 9
\BOOKMARK [2][-]{subsection.3.1}{\376\377\000E\000x\000e\000r\000c\000i\000s\000e\000\040\0001\0007}{section.3}% 10
\BOOKMARK [2][-]{subsection.3.2}{\376\377\000E\000x\000e\000r\000c\000i\000s\000e\000\040\0001\0008}{section.3}% 11
\BOOKMARK [1][-]{section.4}{\376\377\000M\000o\000d\000e\000l}{}% 12
\BOOKMARK [2][-]{subsection.4.1}{\376\377\000E\000x\000e\000r\000c\000i\000s\000e\000\040\0001\0009}{section.4}% 13
\BOOKMARK [2][-]{subsection.4.2}{\376\377\000E\000x\000e\000r\000c\000i\000s\000e\000\040\0002\0000}{section.4}% 14
\BOOKMARK [2][-]{subsection.4.3}{\376\377\000E\000x\000e\000r\000c\000i\000s\000e\000\040\0002\0001}{section.4}% 15
\BOOKMARK [1][-]{section.5}{\376\377\000A\000n\000a\000l\000y\000s\000i\000s}{}% 16
\BOOKMARK [2][-]{subsection.5.1}{\376\377\000E\000x\000e\000r\000c\000i\000s\000e\000\040\0002\0002}{section.5}% 17
\BOOKMARK [2][-]{subsection.5.2}{\376\377\000E\000x\000e\000r\000c\000i\000s\000e\000\040\0002\0003}{section.5}% 18
\BOOKMARK [2][-]{subsection.5.3}{\376\377\000E\000x\000e\000r\000c\000i\000s\000e\000\040\0002\0004}{section.5}% 19
\BOOKMARK [2][-]{subsection.5.4}{\376\377\000E\000x\000e\000r\000c\000i\000s\000e\000\040\0002\0005}{section.5}% 20
\BOOKMARK [2][-]{subsection.5.5}{\376\377\000E\000x\000e\000r\000c\000i\000s\000e\000\040\0002\0006}{section.5}% 21
\BOOKMARK [1][-]{section.6}{\376\377\000C\000o\000n\000c\000l\000u\000s\000i\000o\000n\000\040\000\050\000E\000x\000e\000r\000c\000i\000s\000e\000\040\0002\0007\000\051}{}% 22
